[36mvite v5.4.21 [32mbuilding for production...[36m[39m
transforming...
[32m✓[39m 110 modules transformed.
rendering chunks...
computing gzip size...
[2mdist/[22m[32mindex.html                                              [39m[1m[2m  1.37 kB[22m[1m[22m[2m │ gzip:  0.65 kB[22m
[2mdist/[22m[35massets/index-CBdPXle6.css                               [39m[1m[2m 35.81 kB[22m[1m[22m[2m │ gzip:  7.24 kB[22m
[2mdist/[22m[36massets/billInwardService-DzD5UXVj.js                    [39m[1m[2m  0.89 kB[22m[1m[22m[2m │ gzip:  0.47 kB[22m
[2mdist/[22m[36massets/roles-BHpnEDgf.js                                [39m[1m[2m  0.91 kB[22m[1m[22m[2m │ gzip:  0.54 kB[22m
[2mdist/[22m[36massets/salesService-D4-tZiVj.js                         [39m[1m[2m  1.03 kB[22m[1m[22m[2m │ gzip:  0.47 kB[22m
[2mdist/[22m[36massets/accountsService-Cg2aHZXr.js                      [39m[1m[2m  1.48 kB[22m[1m[22m[2m │ gzip:  0.57 kB[22m
[2mdist/[22m[36massets/indentService-CoE8v39E.js                        [39m[1m[2m  1.79 kB[22m[1m[22m[2m │ gzip:  0.74 kB[22m
[2mdist/[22m[36massets/Login-Cm13B4Ce.js                                [39m[1m[2m  2.11 kB[22m[1m[22m[2m │ gzip:  0.93 kB[22m
[2mdist/[22m[36massets/Signup-CB5d6Gre.js                               [39m[1m[2m  2.13 kB[22m[1m[22m[2m │ gzip:  0.93 kB[22m
[2mdist/[22m[36massets/ModulePage-B6SM598x.js                           [39m[1m[2m  2.19 kB[22m[1m[22m[2m │ gzip:  0.98 kB[22m
[2mdist/[22m[36massets/requisitionService-CPegI3MV.js                   [39m[1m[2m  2.23 kB[22m[1m[22m[2m │ gzip:  0.79 kB[22m
[2mdist/[22m[36massets/customerService-bbN4YOKa.js                      [39m[1m[2m  2.48 kB[22m[1m[22m[2m │ gzip:  1.19 kB[22m
[2mdist/[22m[36massets/billInwardConfig-D26mvmU4.js                     [39m[1m[2m  2.72 kB[22m[1m[22m[2m │ gzip:  0.99 kB[22m
[2mdist/[22m[36massets/generalInvoiceService-rp9fl-h7.js                [39m[1m[2m  2.90 kB[22m[1m[22m[2m │ gzip:  1.07 kB[22m
[2mdist/[22m[36massets/BlueSelect-C9mi0ahr.js                           [39m[1m[2m  3.65 kB[22m[1m[22m[2m │ gzip:  1.60 kB[22m
[2mdist/[22m[36massets/finishWarehouseTransferService-oqvIsiVp.js       [39m[1m[2m  4.13 kB[22m[1m[22m[2m │ gzip:  1.63 kB[22m
[2mdist/[22m[36massets/passingService-cUAgmTXH.js                       [39m[1m[2m  4.16 kB[22m[1m[22m[2m │ gzip:  1.69 kB[22m
[2mdist/[22m[36massets/CustomerList-LL92JAhf.js                         [39m[1m[2m  4.18 kB[22m[1m[22m[2m │ gzip:  1.74 kB[22m
[2mdist/[22m[36massets/Masters-D7r93je4.js                              [39m[1m[2m  4.67 kB[22m[1m[22m[2m │ gzip:  2.11 kB[22m
[2mdist/[22m[36massets/Orders-B_6x5CWY.js                               [39m[1m[2m  5.35 kB[22m[1m[22m[2m │ gzip:  1.92 kB[22m
[2mdist/[22m[36massets/AuthArt-DqN-7x-G.js                              [39m[1m[2m  5.37 kB[22m[1m[22m[2m │ gzip:  1.46 kB[22m
[2mdist/[22m[36massets/RoleDocuments-B9tNvwmn.js                        [39m[1m[2m  5.44 kB[22m[1m[22m[2m │ gzip:  1.88 kB[22m
[2mdist/[22m[36massets/exportInvoiceService-BLVxjKR6.js                 [39m[1m[2m  6.86 kB[22m[1m[22m[2m │ gzip:  2.12 kB[22m
[2mdist/[22m[36massets/CustomerForm-DQ8GPEGz.js                         [39m[1m[2m  7.20 kB[22m[1m[22m[2m │ gzip:  2.45 kB[22m
[2mdist/[22m[36massets/Requisition-391EOylb.js                          [39m[1m[2m  8.33 kB[22m[1m[22m[2m │ gzip:  2.87 kB[22m
[2mdist/[22m[36massets/MisqueryWorkflowProductionSummary-Bh8jOHf8.js    [39m[1m[2m  8.96 kB[22m[1m[22m[2m │ gzip:  2.46 kB[22m
[2mdist/[22m[36massets/MisqueryWorkflowPendingOrders-BSQL9SBI.js        [39m[1m[2m  9.51 kB[22m[1m[22m[2m │ gzip:  2.49 kB[22m
[2mdist/[22m[36massets/MisqueryLogisticsInvoiceDetail-TqzQQvXl.js       [39m[1m[2m  9.58 kB[22m[1m[22m[2m │ gzip:  2.68 kB[22m
[2mdist/[22m[36massets/MisqueryLogisticsOrderSummary-CWkvBDSH.js        [39m[1m[2m  9.59 kB[22m[1m[22m[2m │ gzip:  2.63 kB[22m
[2mdist/[22m[36massets/MisqueryLogisticsInvoiceSummary-CLLaj-O-.js      [39m[1m[2m  9.83 kB[22m[1m[22m[2m │ gzip:  2.65 kB[22m
[2mdist/[22m[36massets/MisqueryInvoiceRegister-Cwi9PBX0.js              [39m[1m[2m  9.89 kB[22m[1m[22m[2m │ gzip:  2.75 kB[22m
[2mdist/[22m[36massets/MisqueryLogisticsInvProfitStatement-C_AV2Gue.js  [39m[1m[2m 10.10 kB[22m[1m[22m[2m │ gzip:  2.71 kB[22m
[2mdist/[22m[36massets/MisqueryWorkflowIssueSummary-D9jRfacs.js         [39m[1m[2m 10.87 kB[22m[1m[22m[2m │ gzip:  2.73 kB[22m
[2mdist/[22m[36massets/MisqueryDayBook-CxVmKFOI.js                      [39m[1m[2m 11.12 kB[22m[1m[22m[2m │ gzip:  2.43 kB[22m
[2mdist/[22m[36massets/MisqueryLogisticsDespatchStatement-aytcdE5A.js   [39m[1m[2m 11.28 kB[22m[1m[22m[2m │ gzip:  3.07 kB[22m
[2mdist/[22m[36massets/MisqueryWorkflowProcessIssRec-B6-7UxcX.js        [39m[1m[2m 11.54 kB[22m[1m[22m[2m │ gzip:  2.83 kB[22m
[2mdist/[22m[36massets/MisqueryWorkflowOrderSummary-CI6bg009.js         [39m[1m[2m 11.91 kB[22m[1m[22m[2m │ gzip:  2.55 kB[22m
[2mdist/[22m[36massets/MisqueryStoresIndent-D7meDAbE.js                 [39m[1m[2m 12.04 kB[22m[1m[22m[2m │ gzip:  2.54 kB[22m
[2mdist/[22m[36massets/MisqueryWorkflowReceiptStatus-BdmDbQIJ.js        [39m[1m[2m 13.29 kB[22m[1m[22m[2m │ gzip:  3.13 kB[22m
[2mdist/[22m[36massets/MisqueryWorkflowSummary-5b4ZojCg.js              [39m[1m[2m 13.74 kB[22m[1m[22m[2m │ gzip:  2.69 kB[22m
[2mdist/[22m[36massets/MisqueryStock-DZ3yhCpl.js                        [39m[1m[2m 14.20 kB[22m[1m[22m[2m │ gzip:  2.67 kB[22m
[2mdist/[22m[36massets/MisqueryLogisticsCommissionRegister-C72o-wkj.js  [39m[1m[2m 15.23 kB[22m[1m[22m[2m │ gzip:  3.44 kB[22m
[2mdist/[22m[36massets/MisqueryStoresIssue-CSxxNuAz.js                  [39m[1m[2m 15.60 kB[22m[1m[22m[2m │ gzip:  2.78 kB[22m
[2mdist/[22m[36massets/BillInward-D36Yrqan.js                           [39m[1m[2m 16.44 kB[22m[1m[22m[2m │ gzip:  4.69 kB[22m
[2mdist/[22m[36massets/MisqueryWip-CCJ3IYiK.js                          [39m[1m[2m 16.79 kB[22m[1m[22m[2m │ gzip:  3.07 kB[22m
[2mdist/[22m[36massets/MisqueryOrderSummary-WfqUe0jt.js                 [39m[1m[2m 17.56 kB[22m[1m[22m[2m │ gzip:  3.30 kB[22m
[2mdist/[22m[36massets/Collection-BxpSOjS0.js                           [39m[1m[2m 17.67 kB[22m[1m[22m[2m │ gzip:  4.85 kB[22m
[2mdist/[22m[36massets/Dashboard-CxBdLXbx.js                            [39m[1m[2m 19.31 kB[22m[1m[22m[2m │ gzip:  4.79 kB[22m
[2mdist/[22m[36massets/GeneralInvoice-DtRzW4yh.js                       [39m[1m[2m 20.28 kB[22m[1m[22m[2m │ gzip:  5.50 kB[22m
[2mdist/[22m[36massets/Despatch-C3TOKtd1.js                             [39m[1m[2m 21.97 kB[22m[1m[22m[2m │ gzip:  5.71 kB[22m
[2mdist/[22m[36massets/Indent-pFRNlPSN.js                               [39m[1m[2m 22.45 kB[22m[1m[22m[2m │ gzip:  6.20 kB[22m
[2mdist/[22m[36massets/ExportInvoice-DvJ5PisJ.js                        [39m[1m[2m 25.47 kB[22m[1m[22m[2m │ gzip:  6.53 kB[22m
[2mdist/[22m[36massets/FinishWarehouseTransfer-lJ04St3k.js              [39m[1m[2m 30.97 kB[22m[1m[22m[2m │ gzip:  6.50 kB[22m
[2mdist/[22m[36massets/Adjustment-C7A9w1u1.js                           [39m[1m[2m 37.62 kB[22m[1m[22m[2m │ gzip:  7.39 kB[22m
[2mdist/[22m[36massets/Payment-CDdL4vbt.js                              [39m[1m[2m 43.66 kB[22m[1m[22m[2m │ gzip:  8.34 kB[22m
[2mdist/[22m[36massets/Passing-DtvtjrLZ.js                              [39m[1m[2m 43.67 kB[22m[1m[22m[2m │ gzip:  6.63 kB[22m
[2mdist/[22m[36massets/Navbar-D5Jjv3F3.js                               [39m[1m[2m 48.03 kB[22m[1m[22m[2m │ gzip: 13.21 kB[22m
[2mdist/[22m[36massets/DocumentsTeam-DwQrKcsF.js                        [39m[1m[2m 80.87 kB[22m[1m[22m[2m │ gzip:  8.49 kB[22m
[2mdist/[22m[36massets/index-BccqiT_i.js                                [39m[1m[2m180.93 kB[22m[1m[22m[2m │ gzip: 58.61 kB[22m
[32m✓ built in 13.03s[39m
